**** Vectorize selected computation: 5 groups, 10 scalar instructions, 5 vector instructions, cost = -5 (Test_int64_unboxed_vectorized.add_unboxed_pairs_mutable_record)
**** Vectorize selected computation: 2 groups, 4 scalar instructions, 2 vector instructions, cost = -2 (Test_int64_unboxed_vectorized.copy_unboxed_pairs_mutable_record)
